<html>
<body>
<pre>
<h1>µVision Build Log</h1>
<h2>Project:</h2>
I:\YOBI\W7500\W7500leture\W7500_FW\Projects\Peripheral_Examples\0_academy_MAY\DHCPClient\MDK\W7500x_WZTOE_DHCPClient.uvproj
Project File Date:  05/11/2015

<h2>Output:</h2>
Rebuild target 'Target 1'
assembling startup_W7500x.s...
compiling W7500x_crg.c...
compiling W7500x_gpio.c...
compiling W7500x_uart.c...
compiling W7500x_wztoe.c...
compiling system_W7500x.c...
compiling main.c...
compiling retarget.c...
compiling W7500x_it.c...
compiling socket.c...
compiling wizchip_conf.c...
compiling dhcp.c...
..\..\ioLibrary\Internet\DHCP\dhcp.c(294): warning:  #550-D: variable "bk_mac" was set but never used
     uint8_t  bk_mac[6];
..\..\ioLibrary\Internet\DHCP\dhcp.c(356): warning:  #550-D: variable "ret" was set but never used
    uint32_t ret;
..\..\ioLibrary\Internet\DHCP\dhcp.c: 2 warnings, 0 errors
compiling W7500x_miim.c...
compiling loopback.c...
linking...
Program Size: Code=13772 RO-data=304 RW-data=108 ZI-data=2948  
After Build - User command #1: C:\Keil_v5\\ARM\ARMCC\BIN\fromelf.exe I:\YOBI\W7500\W7500leture\W7500_FW\Projects\Peripheral_Examples\0_academy_MAY\DHCPClient\MDK\Obj\W7500x_WZTOE_DHCPClient.axf --vhx --8x1 --output main.hex;fromelf --bin -o "I:\YOBI\W7500\W7500leture\W7500_FW\Projects\Peripheral_Examples\0_academy_MAY\DHCPClient\MDK\Obj\W7500x_WZTOE_DHCPClient.bin" "I:\YOBI\W7500\W7500leture\W7500_FW\Projects\Peripheral_Examples\0_academy_MAY\DHCPClient\MDK\Obj\W7500x_WZTOE_DHCPClient.axf"
".\Obj\W7500x_WZTOE_DHCPClient.axf" - 0 Error(s), 2 Warning(s).
</pre>
</body>
</html>
